// Jest Snapshot v1, https://goo.gl/fbAQLP

exports[`AppHeader Component should render the component 1`] = `ShallowWrapper {}`;
